../Core/Src/RC_Model_KF_vout_for_MCU.c:135:15:rtGetNaN	32	static
../Core/Src/RC_Model_KF_vout_for_MCU.c:159:17:rtGetNaNF	16	static
../Core/Src/RC_Model_KF_vout_for_MCU.c:171:13:rt_InitInfAndNaN	16	static
../Core/Src/RC_Model_KF_vout_for_MCU.c:183:18:rtIsInf	16	static
../Core/Src/RC_Model_KF_vout_for_MCU.c:189:18:rtIsInfF	16	static
../Core/Src/RC_Model_KF_vout_for_MCU.c:195:18:rtIsNaN	32	static
../Core/Src/RC_Model_KF_vout_for_MCU.c:217:18:rtIsNaNF	24	static
../Core/Src/RC_Model_KF_vout_for_MCU.c:229:15:rtGetInf	32	static
../Core/Src/RC_Model_KF_vout_for_MCU.c:253:17:rtGetInfF	16	static
../Core/Src/RC_Model_KF_vout_for_MCU.c:264:15:rtGetMinusInf	32	static
../Core/Src/RC_Model_KF_vout_for_MCU.c:288:17:rtGetMinusInfF	16	static
../Core/Src/RC_Model_KF_vout_for_MCU.c:295:15:look1_binlca	80	static
../Core/Src/RC_Model_KF_vout_for_MCU.c:360:15:look1_binlg	64	static
../Core/Src/RC_Model_KF_vout_for_MCU.c:406:16:div_nde_s32_floor	16	static
../Core/Src/RC_Model_KF_vout_for_MCU.c:413:15:xnrm2	80	static
../Core/Src/RC_Model_KF_vout_for_MCU.c:448:8:rt_hypotd_snf	56	static
../Core/Src/RC_Model_KF_vout_for_MCU.c:471:15:qrFactor	120	static
../Core/Src/RC_Model_KF_vout_for_MCU.c:522:13:trisolve	32	static
../Core/Src/RC_Model_KF_vout_for_MCU.c:538:13:mtimes	56	static
../Core/Src/RC_Model_KF_vout_for_MCU.c:555:15:xnrm2_g	80	static
../Core/Src/RC_Model_KF_vout_for_MCU.c:591:13:xgemv	56	static
../Core/Src/RC_Model_KF_vout_for_MCU.c:619:13:xgerc	80	static
../Core/Src/RC_Model_KF_vout_for_MCU.c:645:13:qrFactor_j	360	static
../Core/Src/RC_Model_KF_vout_for_MCU.c:791:15:xnrm2_gw	80	static
../Core/Src/RC_Model_KF_vout_for_MCU.c:827:13:xgemv_g	56	static
../Core/Src/RC_Model_KF_vout_for_MCU.c:855:13:xgerc_a	80	static
../Core/Src/RC_Model_KF_vout_for_MCU.c:881:13:qrFactor_jq	408	static
../Core/Src/RC_Model_KF_vout_for_MCU.c:1028:15:xnrm2_gwq	80	static
../Core/Src/RC_Model_KF_vout_for_MCU.c:1064:15:xdotc	40	static
../Core/Src/RC_Model_KF_vout_for_MCU.c:1080:13:xaxpy	56	static
../Core/Src/RC_Model_KF_vout_for_MCU.c:1093:15:xnrm2_gwqu	80	static
../Core/Src/RC_Model_KF_vout_for_MCU.c:1129:13:xaxpy_c	56	static
../Core/Src/RC_Model_KF_vout_for_MCU.c:1143:13:xaxpy_cs	56	static
../Core/Src/RC_Model_KF_vout_for_MCU.c:1157:13:xswap	32	static
../Core/Src/RC_Model_KF_vout_for_MCU.c:1172:13:xrotg	88	static
../Core/Src/RC_Model_KF_vout_for_MCU.c:1216:13:xrot	72	static
../Core/Src/RC_Model_KF_vout_for_MCU.c:1234:13:svd	600	static
../Core/Src/RC_Model_KF_vout_for_MCU.c:1619:13:xgemv_gp	56	static
../Core/Src/RC_Model_KF_vout_for_MCU.c:1647:13:xgerc_aq	80	static
../Core/Src/RC_Model_KF_vout_for_MCU.c:1673:13:qr	272	static
../Core/Src/RC_Model_KF_vout_for_MCU.c:1878:6:RC_Model_KF_vout_for_MCU_step	744	static
../Core/Src/RC_Model_KF_vout_for_MCU.c:2368:6:RC_Model_KF_vout_for_MCU_initialize	8	static
